  File "C:\Users\Admin\Desktop\utkarsh\conv-agent\spike7_questionnaire_textmode_logging.py", line 893, in run_loan_verification_call
    final_state = app.invoke(initial_state)
  File "C:\Users\Admin\Desktop\utkarsh\conv-agent\.venv\Lib\site-packages\langgraph\pregel\main.py", line 3068, in invoke
    for chunk in self.stream(
  File "C:\Users\Admin\Desktop\utkarsh\conv-agent\.venv\Lib\site-packages\langgraph\pregel\main.py", line 2657, in stream
    for _ in runner.tick(
  File "C:\Users\Admin\Desktop\utkarsh\conv-agent\.venv\Lib\site-packages\langgraph\pregel\_runner.py", line 162, in tick
    run_with_retry(
  File "C:\Users\Admin\Desktop\utkarsh\conv-agent\.venv\Lib\site-packages\langgraph\pregel\_retry.py", line 42, in run_with_retry
    return task.proc.invoke(task.input, config)
  File "C:\Users\Admin\Desktop\utkarsh\conv-agent\.venv\Lib\site-packages\langgraph\_internal\_runnable.py", line 657, in invoke
    input = context.run(step.invoke, input, config, **kwargs)
  File "C:\Users\Admin\Desktop\utkarsh\conv-agent\.venv\Lib\site-packages\langgraph\_internal\_runnable.py", line 401, in invoke
    ret = self.func(*args, **kwargs)
  File "C:\Users\Admin\Desktop\utkarsh\conv-agent\spike7_questionnaire_textmode_logging.py", line 664, in tool_execution_node
    logger.info(f"  → Executing: {tool_name}")
Message: '  → Executing: speak_to_customer'
Arguments: ()


        results = [
            {
                "call_sid": call.call_sid,
                "customer_id": call.customer_id,
                "verification_status": call.verification_status,
                "identity_verified": call.identity_verified,
                "consent_given": call.consent_given,
                "created_at": call.created_at.isoformat(),
            }
            for call in calls
        ]
        return results